2026-04-22 18:57:28  [DEBUG   ]  trading_bot.client  → GET https://testnet.binancefuture.com/fapi/v2/account  params={'timestamp': 1776864448357, 'signature': '817d8d3e26d13ea051a00da5695a9a08d0641138ac73809d39a1f8dbff93c279'}
2026-04-22 18:57:29  [DEBUG   ]  trading_bot.client  ← HTTP 200  body={"feeTier":0,"canTrade":true,"canDeposit":true,"canWithdraw":true,"feeBurn":true,"tradeGroupId":-1,"updateTime":0,"multiAssetsMargin":false,"totalInitialMargin":"21.17642400","totalMaintMargin":"1.69411392","totalWalletBalance":"4858.64094431","totalUnrealizedProfit":"12.99395028","totalMarginBalance":"4871.63489459","totalPositionInitialMargin":"21.17642400","totalOpenOrderInitialMargin":"0.00000000","totalCrossWalletBalance":"4858.64094431","totalCrossUnPnl":"12.99395028","availableBalance":"4
2026-04-22 18:57:29  [DEBUG   ]  trading_bot.client  → GET https://testnet.binancefuture.com/fapi/v1/ticker/price  params={'symbol': 'BTCUSDT'}
2026-04-22 18:57:29  [DEBUG   ]  trading_bot.client  ← HTTP 200  body={"symbol":"BTCUSDT","price":"78392.20","time":1776864444140}
2026-04-22 18:57:53  [INFO    ]  trading_bot  Submitting order | symbol=BTCUSDT side=BUY type=MARKET qty=0.01
2026-04-22 18:57:53  [INFO    ]  trading_bot.orders  Placing MARKET BUY order | symbol=BTCUSDT qty=0.01
2026-04-22 18:57:53  [DEBUG   ]  trading_bot.client  → POST https://testnet.binancefuture.com/fapi/v1/order  params={'symbol': 'BTCUSDT', 'side': 'BUY', 'type': 'MARKET', 'quantity': 0.01, 'timestamp': 1776864473641, 'signature': '78e173608e5b4dff3ce34db7067202544f35084a5e430454875d4f49d6e153da'}
2026-04-22 18:57:53  [DEBUG   ]  trading_bot.client  ← HTTP 200  body={"orderId":13061475740,"symbol":"BTCUSDT","status":"NEW","clientOrderId":"kdQgg4ZcP6GhEFMAQa02dm","price":"0.00","avgPrice":"0.00","origQty":"0.0100","executedQty":"0.0000","cumQty":"0.0000","cumQuote":"0.000000","timeInForce":"GTC","type":"MARKET","reduceOnly":false,"closePosition":false,"side":"BUY","positionSide":"BOTH","stopPrice":"0.00","workingType":"CONTRACT_PRICE","priceProtect":false,"origType":"MARKET","priceMatch":"NONE","selfTradePreventionMode":"EXPIRE_MAKER","goodTillDate":0,"updat
2026-04-22 18:57:53  [INFO    ]  trading_bot.orders  MARKET order placed successfully | {'orderId': 13061475740, 'symbol': 'BTCUSDT', 'side': 'BUY', 'type': 'MARKET', 'origQty': '0.0100', 'executedQty': '0.0000', 'avgPrice': '0.00', 'price': '0.00', 'stopPrice': '0.00', 'status': 'NEW', 'timeInForce': 'GTC'}
2026-04-22 18:57:53  [INFO    ]  trading_bot  Order completed | orderId=13061475740 status=NEW
2026-04-22 18:58:23  [INFO    ]  trading_bot  Submitting order | symbol=ETHUSDT side=BUY type=LIMIT qty=1.0
2026-04-22 18:58:23  [INFO    ]  trading_bot.orders  Placing LIMIT BUY order | symbol=ETHUSDT qty=1.0 price=60000.0 tif=GTC
2026-04-22 18:58:23  [DEBUG   ]  trading_bot.client  → POST https://testnet.binancefuture.com/fapi/v1/order  params={'symbol': 'ETHUSDT', 'side': 'BUY', 'type': 'LIMIT', 'quantity': 1.0, 'price': 60000.0, 'timeInForce': 'GTC', 'timestamp': 1776864503643, 'signature': '8da325ce71495b066bd8d1206d84de46c19d210c4c2e80d4ff0ebfb7f7a7f24c'}
2026-04-22 18:58:23  [DEBUG   ]  trading_bot.client  ← HTTP 400  body={"code":-4016,"msg":"Limit price can't be higher than 2528.74."}
2026-04-22 18:58:23  [ERROR   ]  trading_bot.client  API error -4016: Limit price can't be higher than 2528.74.
2026-04-22 18:58:23  [ERROR   ]  trading_bot  API error: code=-4016 msg=Limit price can't be higher than 2528.74.
2026-04-22 18:58:31  [DEBUG   ]  trading_bot.client  → GET https://testnet.binancefuture.com/fapi/v2/account  params={'timestamp': 1776864511712, 'signature': '6309ef8858e3a4d4df484c4033397b77eb70ba81f2f0e0cbc017e3308906c5a2'}
2026-04-22 18:58:31  [DEBUG   ]  trading_bot.client  ← HTTP 200  body={"feeTier":0,"canTrade":true,"canDeposit":true,"canWithdraw":true,"feeBurn":true,"tradeGroupId":-1,"updateTime":0,"multiAssetsMargin":false,"totalInitialMargin":"60.38332300","totalMaintMargin":"4.83066584","totalWalletBalance":"4858.32730311","totalUnrealizedProfit":"13.02893028","totalMarginBalance":"4871.35623339","totalPositionInitialMargin":"60.38332300","totalOpenOrderInitialMargin":"0.00000000","totalCrossWalletBalance":"4858.32730311","totalCrossUnPnl":"13.02893028","availableBalance":"4
2026-04-22 18:58:31  [DEBUG   ]  trading_bot.client  → GET https://testnet.binancefuture.com/fapi/v1/ticker/price  params={'symbol': 'BTCUSDT'}
2026-04-22 18:58:32  [DEBUG   ]  trading_bot.client  ← HTTP 200  body={"symbol":"BTCUSDT","price":"78406.30","time":1776864508116}
2026-04-22 19:23:56  [DEBUG   ]  trading_bot.client  REQUEST  GET https://testnet.binancefuture.com/fapi/v2/account  params={'timestamp': 1776866036091, 'signature': '30af7358913a53411a85b483d9f9f95bccc8901bd10dd44daed78873c586f6db'}
2026-04-22 19:23:57  [DEBUG   ]  trading_bot.client  RESPONSE HTTP 200  body={"feeTier":0,"canTrade":true,"canDeposit":true,"canWithdraw":true,"feeBurn":true,"tradeGroupId":-1,"updateTime":0,"multiAssetsMargin":false,"totalInitialMargin":"60.59884600","totalMaintMargin":"4.84790768","totalWalletBalance":"4858.32730311","totalUnrealizedProfit":"17.33939028","totalMarginBalance":"4875.66669339","totalPositionInitialMargin":"60.59884600","totalOpenOrderInitialMargin":"0.00000000","totalCrossWalletBalance":"4858.32730311","totalCrossUnPnl":"17.33939028","availableBalance":"4
2026-04-22 19:23:57  [DEBUG   ]  trading_bot.client  REQUEST  GET https://testnet.binancefuture.com/fapi/v1/ticker/price  params={'symbol': 'BTCUSDT'}
2026-04-22 19:23:57  [DEBUG   ]  trading_bot.client  RESPONSE HTTP 200  body={"symbol":"BTCUSDT","price":"78628.20","time":1776866033165}
2026-05-20 17:31:29  [DEBUG   ]  trading_bot.client  REQUEST  GET https://testnet.binancefuture.com/fapi/v2/account  params={'timestamp': 1779278489354, 'signature': 'e6f9e061498eedb0eae8317ef02599acb735b6d633049481be3d6d94820c37fc'}
2026-05-20 17:31:30  [DEBUG   ]  trading_bot.client  RESPONSE HTTP 200  body={"feeTier":0,"canTrade":true,"canDeposit":true,"canWithdraw":true,"feeBurn":true,"tradeGroupId":-1,"updateTime":0,"multiAssetsMargin":false,"totalInitialMargin":"59.56881700","totalMaintMargin":"4.76550536","totalWalletBalance":"4849.70824860","totalUnrealizedProfit":"-3.26118971","totalMarginBalance":"4846.44705889","totalPositionInitialMargin":"59.56881700","totalOpenOrderInitialMargin":"0.00000000","totalCrossWalletBalance":"4849.70824860","totalCrossUnPnl":"-3.26118971","availableBalance":"4
2026-05-20 17:31:30  [DEBUG   ]  trading_bot.client  REQUEST  GET https://testnet.binancefuture.com/fapi/v1/ticker/price  params={'symbol': 'BTCUSDT'}
2026-05-20 17:31:30  [DEBUG   ]  trading_bot.client  RESPONSE HTTP 200  body={"symbol":"BTCUSDT","price":"77356.90","time":1779278482401}
2026-05-20 17:33:55  [INFO    ]  trading_bot  Submitting order | symbol=BTCUSDT side=BUY type=MARKET qty=0.001
2026-05-20 17:33:55  [INFO    ]  trading_bot.orders  Placing MARKET BUY order | symbol=BTCUSDT qty=0.001
2026-05-20 17:33:55  [DEBUG   ]  trading_bot.client  REQUEST  POST https://testnet.binancefuture.com/fapi/v1/order  params={'symbol': 'BTCUSDT', 'side': 'BUY', 'type': 'MARKET', 'quantity': 0.001, 'timestamp': 1779278635402, 'signature': '3029186d45ce7aabf3e66a88796999a1b9b339aa0680b89d8c5a5a3d4adcd6bf'}
2026-05-20 17:33:56  [DEBUG   ]  trading_bot.client  RESPONSE HTTP 200  body={"orderId":13167692276,"symbol":"BTCUSDT","status":"NEW","clientOrderId":"n3MnrnjzC94a5yuqXIjfhe","price":"0.00","avgPrice":"0.00","origQty":"0.0010","executedQty":"0.0000","cumQty":"0.0000","cumQuote":"0.000000","timeInForce":"GTC","type":"MARKET","reduceOnly":false,"closePosition":false,"side":"BUY","positionSide":"BOTH","stopPrice":"0.00","workingType":"CONTRACT_PRICE","priceProtect":false,"origType":"MARKET","priceMatch":"NONE","selfTradePreventionMode":"EXPIRE_MAKER","goodTillDate":0,"updat
2026-05-20 17:33:56  [INFO    ]  trading_bot.orders  MARKET order accepted | orderId=13167692276 status=NEW
2026-05-20 17:33:56  [INFO    ]  trading_bot  Order completed | orderId=13167692276 status=NEW
2026-05-20 17:35:51  [INFO    ]  trading_bot  Submitting order | symbol=BTCUSDT side=SELL type=MARKET qty=0.001
2026-05-20 17:35:51  [INFO    ]  trading_bot.orders  Placing MARKET SELL order | symbol=BTCUSDT qty=0.001
2026-05-20 17:35:51  [DEBUG   ]  trading_bot.client  REQUEST  POST https://testnet.binancefuture.com/fapi/v1/order  params={'symbol': 'BTCUSDT', 'side': 'SELL', 'type': 'MARKET', 'quantity': 0.001, 'timestamp': 1779278751966, 'signature': '92cfe2f6f99f31bcae41a403f85c8a4583bde30dc28856683356a9d40ac2aa97'}
2026-05-20 17:35:52  [DEBUG   ]  trading_bot.client  RESPONSE HTTP 200  body={"orderId":13167699184,"symbol":"BTCUSDT","status":"NEW","clientOrderId":"bpaciBnAXgOJNrOLOngvCn","price":"0.00","avgPrice":"0.00","origQty":"0.0010","executedQty":"0.0000","cumQty":"0.0000","cumQuote":"0.000000","timeInForce":"GTC","type":"MARKET","reduceOnly":false,"closePosition":false,"side":"SELL","positionSide":"BOTH","stopPrice":"0.00","workingType":"CONTRACT_PRICE","priceProtect":false,"origType":"MARKET","priceMatch":"NONE","selfTradePreventionMode":"EXPIRE_MAKER","goodTillDate":0,"upda
2026-05-20 17:35:52  [INFO    ]  trading_bot.orders  MARKET order accepted | orderId=13167699184 status=NEW
2026-05-20 17:35:52  [INFO    ]  trading_bot  Order completed | orderId=13167699184 status=NEW
2026-05-20 17:37:11  [INFO    ]  trading_bot  Submitting order | symbol=BTCUSDT side=BUY type=LIMIT qty=0.001
2026-05-20 17:37:11  [INFO    ]  trading_bot.orders  Placing LIMIT BUY order | symbol=BTCUSDT qty=0.001 price=75000.0 tif=GTC
2026-05-20 17:37:11  [DEBUG   ]  trading_bot.client  REQUEST  POST https://testnet.binancefuture.com/fapi/v1/order  params={'symbol': 'BTCUSDT', 'side': 'BUY', 'type': 'LIMIT', 'quantity': 0.001, 'price': 75000.0, 'timeInForce': 'GTC', 'timestamp': 1779278831513, 'signature': '0bd24ee5b9f9597514773392846ba3bb5c3784e805860c0fb76824b4fd66ced2'}
2026-05-20 17:37:12  [DEBUG   ]  trading_bot.client  RESPONSE HTTP 200  body={"orderId":13167704325,"symbol":"BTCUSDT","status":"NEW","clientOrderId":"FH9ENJXGfpPSQh6OP3cP6w","price":"75000.00","avgPrice":"0.00","origQty":"0.0010","executedQty":"0.0000","cumQty":"0.0000","cumQuote":"0.000000","timeInForce":"GTC","type":"LIMIT","reduceOnly":false,"closePosition":false,"side":"BUY","positionSide":"BOTH","stopPrice":"0.00","workingType":"CONTRACT_PRICE","priceProtect":false,"origType":"LIMIT","priceMatch":"NONE","selfTradePreventionMode":"EXPIRE_MAKER","goodTillDate":0,"upd
2026-05-20 17:37:12  [INFO    ]  trading_bot.orders  LIMIT order accepted | orderId=13167704325 status=NEW
2026-05-20 17:37:12  [INFO    ]  trading_bot  Order completed | orderId=13167704325 status=NEW
2026-05-20 17:37:46  [INFO    ]  trading_bot  Submitting order | symbol=BTCUSDT side=SELL type=LIMIT qty=0.001
2026-05-20 17:37:46  [INFO    ]  trading_bot.orders  Placing LIMIT SELL order | symbol=BTCUSDT qty=0.001 price=85000.0 tif=GTC
2026-05-20 17:37:46  [DEBUG   ]  trading_bot.client  REQUEST  POST https://testnet.binancefuture.com/fapi/v1/order  params={'symbol': 'BTCUSDT', 'side': 'SELL', 'type': 'LIMIT', 'quantity': 0.001, 'price': 85000.0, 'timeInForce': 'GTC', 'timestamp': 1779278866473, 'signature': '42d6fa6d259ac9de89f31832ab42160063d24c4b5dae76cad0cb26a58c083b34'}
2026-05-20 17:37:47  [DEBUG   ]  trading_bot.client  RESPONSE HTTP 200  body={"orderId":13167706737,"symbol":"BTCUSDT","status":"NEW","clientOrderId":"bXiG0syBtzHmpcAWDtaBut","price":"85000.00","avgPrice":"0.00","origQty":"0.0010","executedQty":"0.0000","cumQty":"0.0000","cumQuote":"0.000000","timeInForce":"GTC","type":"LIMIT","reduceOnly":false,"closePosition":false,"side":"SELL","positionSide":"BOTH","stopPrice":"0.00","workingType":"CONTRACT_PRICE","priceProtect":false,"origType":"LIMIT","priceMatch":"NONE","selfTradePreventionMode":"EXPIRE_MAKER","goodTillDate":0,"up
2026-05-20 17:37:47  [INFO    ]  trading_bot.orders  LIMIT order accepted | orderId=13167706737 status=NEW
2026-05-20 17:37:47  [INFO    ]  trading_bot  Order completed | orderId=13167706737 status=NEW
2026-05-20 17:38:24  [INFO    ]  trading_bot  Submitting order | symbol=BTCUSDT side=SELL type=STOP_LIMIT qty=0.001
2026-05-20 17:38:24  [INFO    ]  trading_bot.orders  Placing STOP_LIMIT SELL order | symbol=BTCUSDT qty=0.001 stopPrice=75000.0 limitPrice=74900.0 tif=GTC
2026-05-20 17:38:24  [DEBUG   ]  trading_bot.client  REQUEST  POST https://testnet.binancefuture.com/fapi/v1/order  params={'symbol': 'BTCUSDT', 'side': 'SELL', 'type': 'STOP', 'quantity': 0.001, 'price': 74900.0, 'stopPrice': 75000.0, 'timeInForce': 'GTC', 'timestamp': 1779278904641, 'signature': 'e3e8e59516854377ef1d904ffcf0b65cf7440e9e2e8acfb5869044408f691916'}
2026-05-20 17:38:25  [DEBUG   ]  trading_bot.client  RESPONSE HTTP 400  body={"code":-4120,"msg":"Order type not supported for this endpoint. Please use the Algo Order API endpoints instead."}
2026-05-20 17:38:25  [ERROR   ]  trading_bot.client  API error -4120: Order type not supported for this endpoint. Please use the Algo Order API endpoints instead.
2026-05-20 17:38:25  [ERROR   ]  trading_bot  API error: code=-4120 msg=Order type not supported for this endpoint. Please use the Algo Order API endpoints instead.
2026-05-20 17:41:01  [INFO    ]  trading_bot  Submitting order | symbol=BTCUSDT side=BUY type=TWAP qty=0.005
2026-05-20 17:41:01  [INFO    ]  trading_bot.orders  Starting TWAP BUY | symbol=BTCUSDT totalQty=0.005 slices=5 sliceQty=0.001 interval=10s
2026-05-20 17:41:01  [DEBUG   ]  trading_bot.client  REQUEST  POST https://testnet.binancefuture.com/fapi/v1/order  params={'symbol': 'BTCUSDT', 'side': 'BUY', 'type': 'MARKET', 'quantity': 0.001, 'timestamp': 1779279061947, 'signature': '6ff4d5d1e2b066fadcaa2257ef1cc80b0ec26717cb0c76a31a8163b10c563898'}
2026-05-20 17:41:02  [DEBUG   ]  trading_bot.client  RESPONSE HTTP 200  body={"orderId":13167720308,"symbol":"BTCUSDT","status":"NEW","clientOrderId":"EKbUGJH54OLUfzjdbV5GlU","price":"0.00","avgPrice":"0.00","origQty":"0.0010","executedQty":"0.0000","cumQty":"0.0000","cumQuote":"0.000000","timeInForce":"GTC","type":"MARKET","reduceOnly":false,"closePosition":false,"side":"BUY","positionSide":"BOTH","stopPrice":"0.00","workingType":"CONTRACT_PRICE","priceProtect":false,"origType":"MARKET","priceMatch":"NONE","selfTradePreventionMode":"EXPIRE_MAKER","goodTillDate":0,"updat
2026-05-20 17:41:02  [INFO    ]  trading_bot.orders  TWAP slice 1/5 placed | orderId=13167720308 avgPrice=0.00
2026-05-20 17:41:12  [DEBUG   ]  trading_bot.client  REQUEST  POST https://testnet.binancefuture.com/fapi/v1/order  params={'symbol': 'BTCUSDT', 'side': 'BUY', 'type': 'MARKET', 'quantity': 0.001, 'timestamp': 1779279072686, 'signature': '7ca721f7d75db40a6b62672db35e3aef04ad571f2c639aeb919403865c8328b8'}
2026-05-20 17:41:12  [DEBUG   ]  trading_bot.client  RESPONSE HTTP 200  body={"orderId":13167721188,"symbol":"BTCUSDT","status":"NEW","clientOrderId":"uXXP8tEzLbWJF4jnGxFia8","price":"0.00","avgPrice":"0.00","origQty":"0.0010","executedQty":"0.0000","cumQty":"0.0000","cumQuote":"0.000000","timeInForce":"GTC","type":"MARKET","reduceOnly":false,"closePosition":false,"side":"BUY","positionSide":"BOTH","stopPrice":"0.00","workingType":"CONTRACT_PRICE","priceProtect":false,"origType":"MARKET","priceMatch":"NONE","selfTradePreventionMode":"EXPIRE_MAKER","goodTillDate":0,"updat
2026-05-20 17:41:12  [INFO    ]  trading_bot.orders  TWAP slice 2/5 placed | orderId=13167721188 avgPrice=0.00
2026-05-20 17:41:22  [DEBUG   ]  trading_bot.client  REQUEST  POST https://testnet.binancefuture.com/fapi/v1/order  params={'symbol': 'BTCUSDT', 'side': 'BUY', 'type': 'MARKET', 'quantity': 0.001, 'timestamp': 1779279082880, 'signature': '016d42a901ef145d8f729ff87431932b524702fc0de137e1f74d52c18ef36d6f'}
2026-05-20 17:41:23  [DEBUG   ]  trading_bot.client  RESPONSE HTTP 200  body={"orderId":13167721843,"symbol":"BTCUSDT","status":"NEW","clientOrderId":"ahvEi681AjnjaFMkJvScVP","price":"0.00","avgPrice":"0.00","origQty":"0.0010","executedQty":"0.0000","cumQty":"0.0000","cumQuote":"0.000000","timeInForce":"GTC","type":"MARKET","reduceOnly":false,"closePosition":false,"side":"BUY","positionSide":"BOTH","stopPrice":"0.00","workingType":"CONTRACT_PRICE","priceProtect":false,"origType":"MARKET","priceMatch":"NONE","selfTradePreventionMode":"EXPIRE_MAKER","goodTillDate":0,"updat
2026-05-20 17:41:23  [INFO    ]  trading_bot.orders  TWAP slice 3/5 placed | orderId=13167721843 avgPrice=0.00
2026-05-20 17:41:33  [DEBUG   ]  trading_bot.client  REQUEST  POST https://testnet.binancefuture.com/fapi/v1/order  params={'symbol': 'BTCUSDT', 'side': 'BUY', 'type': 'MARKET', 'quantity': 0.001, 'timestamp': 1779279093070, 'signature': '9675a80c04861520dd69bb6eb8a101557c3af76699a41bce2d96959bc26ccbf9'}
2026-05-20 17:41:33  [DEBUG   ]  trading_bot.client  RESPONSE HTTP 200  body={"orderId":13167722598,"symbol":"BTCUSDT","status":"NEW","clientOrderId":"nHGrj5VgPh9a6JxDEFZDb4","price":"0.00","avgPrice":"0.00","origQty":"0.0010","executedQty":"0.0000","cumQty":"0.0000","cumQuote":"0.000000","timeInForce":"GTC","type":"MARKET","reduceOnly":false,"closePosition":false,"side":"BUY","positionSide":"BOTH","stopPrice":"0.00","workingType":"CONTRACT_PRICE","priceProtect":false,"origType":"MARKET","priceMatch":"NONE","selfTradePreventionMode":"EXPIRE_MAKER","goodTillDate":0,"updat
2026-05-20 17:41:33  [INFO    ]  trading_bot.orders  TWAP slice 4/5 placed | orderId=13167722598 avgPrice=0.00
2026-05-20 17:41:43  [DEBUG   ]  trading_bot.client  REQUEST  POST https://testnet.binancefuture.com/fapi/v1/order  params={'symbol': 'BTCUSDT', 'side': 'BUY', 'type': 'MARKET', 'quantity': 0.001, 'timestamp': 1779279103331, 'signature': '2cb1c65a7f7c00677446a036251c9574674e2374fa244b4288f302c764c59fe8'}
2026-05-20 17:41:43  [DEBUG   ]  trading_bot.client  RESPONSE HTTP 200  body={"orderId":13167723252,"symbol":"BTCUSDT","status":"NEW","clientOrderId":"fHDjYeqkPY9H9PcXEmKe2N","price":"0.00","avgPrice":"0.00","origQty":"0.0010","executedQty":"0.0000","cumQty":"0.0000","cumQuote":"0.000000","timeInForce":"GTC","type":"MARKET","reduceOnly":false,"closePosition":false,"side":"BUY","positionSide":"BOTH","stopPrice":"0.00","workingType":"CONTRACT_PRICE","priceProtect":false,"origType":"MARKET","priceMatch":"NONE","selfTradePreventionMode":"EXPIRE_MAKER","goodTillDate":0,"updat
2026-05-20 17:41:43  [INFO    ]  trading_bot.orders  TWAP slice 5/5 placed | orderId=13167723252 avgPrice=0.00
2026-05-20 17:41:43  [INFO    ]  trading_bot.orders  TWAP complete | symbol=BTCUSDT side=BUY filled=5/5
2026-05-20 17:41:43  [INFO    ]  trading_bot  TWAP complete | symbol=BTCUSDT slices=5 filled=5
2026-05-20 17:42:44  [DEBUG   ]  trading_bot.client  REQUEST  GET https://testnet.binancefuture.com/fapi/v2/account  params={'timestamp': 1779279164240, 'signature': '665a377ca944facf2727e3437e4afb94b89de7ae23dfc9e525340136e5754a1c'}
2026-05-20 17:42:45  [DEBUG   ]  trading_bot.client  RESPONSE HTTP 200  body={"feeTier":0,"canTrade":true,"canDeposit":true,"canWithdraw":true,"feeBurn":true,"tradeGroupId":-1,"updateTime":0,"multiAssetsMargin":false,"totalInitialMargin":"82.71672517","totalMaintMargin":"6.31733801","totalWalletBalance":"4849.35619143","totalUnrealizedProfit":"-2.34778430","totalMarginBalance":"4847.00840713","totalPositionInitialMargin":"78.96672517","totalOpenOrderInitialMargin":"3.75000000","totalCrossWalletBalance":"4849.35619143","totalCrossUnPnl":"-2.34778430","availableBalance":"4
2026-05-20 17:42:45  [DEBUG   ]  trading_bot.client  REQUEST  GET https://testnet.binancefuture.com/fapi/v1/ticker/price  params={'symbol': 'BTCUSDT'}
2026-05-20 17:42:45  [DEBUG   ]  trading_bot.client  RESPONSE HTTP 200  body={"symbol":"BTCUSDT","price":"77436.00","time":1779279160367}
2026-05-20 17:43:51  [INFO    ]  trading_bot  Submitting order | symbol=ETHUSDT side=BUY type=MARKET qty=0.0054
2026-05-20 17:43:51  [INFO    ]  trading_bot.orders  Placing MARKET BUY order | symbol=ETHUSDT qty=0.0054
2026-05-20 17:43:51  [DEBUG   ]  trading_bot.client  REQUEST  POST https://testnet.binancefuture.com/fapi/v1/order  params={'symbol': 'ETHUSDT', 'side': 'BUY', 'type': 'MARKET', 'quantity': 0.0054, 'timestamp': 1779279231919, 'signature': 'eb94c202847f77da3de973a1aae170c7c1629a323fd5a98e159dbc9711b34337'}
2026-05-20 17:43:52  [DEBUG   ]  trading_bot.client  RESPONSE HTTP 400  body={"code":-1111,"msg":"Precision is over the maximum defined for this asset."}
2026-05-20 17:43:52  [ERROR   ]  trading_bot.client  API error -1111: Precision is over the maximum defined for this asset.
2026-05-20 17:43:52  [ERROR   ]  trading_bot  API error: code=-1111 msg=Precision is over the maximum defined for this asset.
2026-05-20 17:45:05  [DEBUG   ]  trading_bot.client  REQUEST  GET https://testnet.binancefuture.com/fapi/v2/account  params={'timestamp': 1779279305479, 'signature': 'bb70c835e2572445654550dd46825c667be505171b342ee18ad2c61d2b9106de'}
2026-05-20 17:45:06  [DEBUG   ]  trading_bot.client  RESPONSE HTTP 200  body={"feeTier":0,"canTrade":true,"canDeposit":true,"canWithdraw":true,"feeBurn":true,"tradeGroupId":-1,"updateTime":0,"multiAssetsMargin":false,"totalInitialMargin":"82.70953793","totalMaintMargin":"6.31676303","totalWalletBalance":"4849.35619143","totalUnrealizedProfit":"-2.49152923","totalMarginBalance":"4846.86466220","totalPositionInitialMargin":"78.95953793","totalOpenOrderInitialMargin":"3.75000000","totalCrossWalletBalance":"4849.35619143","totalCrossUnPnl":"-2.49152923","availableBalance":"4
2026-05-20 17:45:06  [DEBUG   ]  trading_bot.client  REQUEST  GET https://testnet.binancefuture.com/fapi/v1/ticker/price  params={'symbol': 'BTCUSDT'}
2026-05-20 17:45:06  [DEBUG   ]  trading_bot.client  RESPONSE HTTP 200  body={"symbol":"BTCUSDT","price":"77434.60","time":1779279297664}
2026-05-21 07:51:12  [DEBUG   ]  trading_bot.client  REQUEST  GET https://testnet.binancefuture.com/fapi/v2/account  params={'timestamp': 1779330072902, 'signature': 'f53a0a6545edf425f24c3711b9651ad80ac70ba64c26016de6be4e9db0aa4e9c'}
2026-05-21 07:51:13  [DEBUG   ]  trading_bot.client  RESPONSE HTTP 200  body={"feeTier":0,"canTrade":true,"canDeposit":true,"canWithdraw":true,"feeBurn":true,"tradeGroupId":-1,"updateTime":0,"multiAssetsMargin":false,"totalInitialMargin":"83.28441001","totalMaintMargin":"6.36275280","totalWalletBalance":"4849.08025862","totalUnrealizedProfit":"9.00591246","totalMarginBalance":"4858.08617108","totalPositionInitialMargin":"79.53441001","totalOpenOrderInitialMargin":"3.75000000","totalCrossWalletBalance":"4849.08025862","totalCrossUnPnl":"9.00591246","availableBalance":"477
2026-05-21 07:51:13  [DEBUG   ]  trading_bot.client  REQUEST  GET https://testnet.binancefuture.com/fapi/v1/ticker/price  params={'symbol': 'BTCUSDT'}
2026-05-21 07:51:13  [DEBUG   ]  trading_bot.client  RESPONSE HTTP 200  body={"symbol":"BTCUSDT","price":"77975.00","time":1779330068241}
2026-05-21 07:51:19  [DEBUG   ]  trading_bot.client  REQUEST  GET https://testnet.binancefuture.com/fapi/v2/account  params={'timestamp': 1779330079669, 'signature': '720da3afbfded43d3e804d4c4042376becae96e0fea7854d661ecac1ad5358d1'}
2026-05-21 07:51:20  [DEBUG   ]  trading_bot.client  RESPONSE HTTP 200  body={"feeTier":0,"canTrade":true,"canDeposit":true,"canWithdraw":true,"feeBurn":true,"tradeGroupId":-1,"updateTime":0,"multiAssetsMargin":false,"totalInitialMargin":"83.28923846","totalMaintMargin":"6.36313907","totalWalletBalance":"4849.08025862","totalUnrealizedProfit":"9.10248139","totalMarginBalance":"4858.18274001","totalPositionInitialMargin":"79.53923846","totalOpenOrderInitialMargin":"3.75000000","totalCrossWalletBalance":"4849.08025862","totalCrossUnPnl":"9.10248139","availableBalance":"477
2026-05-21 07:51:20  [DEBUG   ]  trading_bot.client  REQUEST  GET https://testnet.binancefuture.com/fapi/v1/ticker/price  params={'symbol': 'BTCUSDT'}
2026-05-21 07:51:20  [DEBUG   ]  trading_bot.client  RESPONSE HTTP 200  body={"symbol":"BTCUSDT","price":"77975.00","time":1779330078474}
2026-05-21 07:51:48  [INFO    ]  trading_bot  Submitting order | symbol=ETHUSDT side=BUY type=MARKET qty=0.001
2026-05-21 07:51:48  [INFO    ]  trading_bot.orders  Placing MARKET BUY order | symbol=ETHUSDT qty=0.001
2026-05-21 07:51:48  [DEBUG   ]  trading_bot.client  REQUEST  POST https://testnet.binancefuture.com/fapi/v1/order  params={'symbol': 'ETHUSDT', 'side': 'BUY', 'type': 'MARKET', 'quantity': 0.001, 'timestamp': 1779330108245, 'signature': 'a7d058a3b8d27946dd02abcc67f9c2a591a79d7f48765fc25b9848d10c2f0249'}
2026-05-21 07:51:48  [DEBUG   ]  trading_bot.client  RESPONSE HTTP 400  body={"code":-4164,"msg":"Order's notional must be no smaller than 20 (unless you choose reduce only)."}
2026-05-21 07:51:48  [ERROR   ]  trading_bot.client  API error -4164: Order's notional must be no smaller than 20 (unless you choose reduce only).
2026-05-21 07:51:48  [ERROR   ]  trading_bot  API error: code=-4164 msg=Order's notional must be no smaller than 20 (unless you choose reduce only).
2026-05-21 08:05:55  [DEBUG   ]  trading_bot.client  REQUEST  GET https://testnet.binancefuture.com/fapi/v2/account  params={'timestamp': 1779330955994, 'signature': '5feb043cd06787dde54eeeee814a9de6b2fc5138b9dcd527c292ba79c5d31d0b'}
2026-05-21 08:05:56  [DEBUG   ]  trading_bot.client  RESPONSE HTTP 200  body={"feeTier":0,"canTrade":true,"canDeposit":true,"canWithdraw":true,"feeBurn":true,"tradeGroupId":-1,"updateTime":0,"multiAssetsMargin":false,"totalInitialMargin":"83.29269774","totalMaintMargin":"6.36341581","totalWalletBalance":"4849.08025862","totalUnrealizedProfit":"9.17166699","totalMarginBalance":"4858.25192561","totalPositionInitialMargin":"79.54269774","totalOpenOrderInitialMargin":"3.75000000","totalCrossWalletBalance":"4849.08025862","totalCrossUnPnl":"9.17166699","availableBalance":"477
2026-05-21 08:05:56  [DEBUG   ]  trading_bot.client  REQUEST  GET https://testnet.binancefuture.com/fapi/v1/ticker/price  params={'symbol': 'BTCUSDT'}
2026-05-21 08:05:56  [DEBUG   ]  trading_bot.client  RESPONSE HTTP 200  body={"symbol":"BTCUSDT","price":"77985.90","time":1779330951769}
2026-05-21 08:06:37  [INFO    ]  trading_bot  Submitting order | symbol=BTCUSDT side=BUY type=MARKET qty=0.015
2026-05-21 08:06:37  [INFO    ]  trading_bot.orders  Placing MARKET BUY order | symbol=BTCUSDT qty=0.015
2026-05-21 08:06:37  [DEBUG   ]  trading_bot.client  REQUEST  POST https://testnet.binancefuture.com/fapi/v1/order  params={'symbol': 'BTCUSDT', 'side': 'BUY', 'type': 'MARKET', 'quantity': 0.015, 'timestamp': 1779330997732, 'signature': '511661b4ff869555c8dbe4c9844a46dc3e8e805f0f1107073ab71fbf9e3e7bf8'}
2026-05-21 08:06:47  [ERROR   ]  trading_bot.client  Request timed out: POST https://testnet.binancefuture.com/fapi/v1/order
2026-05-21 08:06:47  [ERROR   ]  trading_bot  Request timed out: Request timed out after 10 seconds.
2026-05-21 08:12:00  [DEBUG   ]  trading_bot.client  REQUEST  GET https://testnet.binancefuture.com/fapi/v2/account  params={'timestamp': 1779331320490, 'signature': 'f5c347c15493a2164316959707fe476aea55a7af0d6f25381364431cce0b255b'}
2026-05-21 08:12:01  [DEBUG   ]  trading_bot.client  RESPONSE HTTP 200  body={"feeTier":0,"canTrade":true,"canDeposit":true,"canWithdraw":true,"feeBurn":true,"tradeGroupId":-1,"updateTime":0,"multiAssetsMargin":false,"totalInitialMargin":"83.28291851","totalMaintMargin":"6.36263348","totalWalletBalance":"4849.08025862","totalUnrealizedProfit":"8.97608236","totalMarginBalance":"4858.05634098","totalPositionInitialMargin":"79.53291851","totalOpenOrderInitialMargin":"3.75000000","totalCrossWalletBalance":"4849.08025862","totalCrossUnPnl":"8.97608236","availableBalance":"477
2026-05-21 08:12:01  [DEBUG   ]  trading_bot.client  REQUEST  GET https://testnet.binancefuture.com/fapi/v1/ticker/price  params={'symbol': 'BTCUSDT'}
2026-05-21 08:12:01  [DEBUG   ]  trading_bot.client  RESPONSE HTTP 200  body={"symbol":"BTCUSDT","price":"77998.00","time":1779331318379}
2026-05-21 08:12:49  [INFO    ]  trading_bot  Submitting order | symbol=ETHUSDT side=BUY type=MARKET qty=0.0015
2026-05-21 08:12:49  [INFO    ]  trading_bot.orders  Placing MARKET BUY order | symbol=ETHUSDT qty=0.0015
2026-05-21 08:12:49  [DEBUG   ]  trading_bot.client  REQUEST  POST https://testnet.binancefuture.com/fapi/v1/order  params={'symbol': 'ETHUSDT', 'side': 'BUY', 'type': 'MARKET', 'quantity': 0.0015, 'timestamp': 1779331369672, 'signature': '2481662ae7292baabe8224cf1cd34762017de30d8a96f96514521130096d06c5'}
2026-05-21 08:12:49  [DEBUG   ]  trading_bot.client  RESPONSE HTTP 400  body={"code":-1111,"msg":"Precision is over the maximum defined for this asset."}
2026-05-21 08:12:49  [ERROR   ]  trading_bot.client  API error -1111: Precision is over the maximum defined for this asset.
2026-05-21 08:12:49  [ERROR   ]  trading_bot  API error: code=-1111 msg=Precision is over the maximum defined for this asset.
2026-05-21 08:13:27  [INFO    ]  trading_bot  Submitting order | symbol=BTCUSDT side=BUY type=MARKET qty=0.0015
2026-05-21 08:13:27  [INFO    ]  trading_bot.orders  Placing MARKET BUY order | symbol=BTCUSDT qty=0.0015
2026-05-21 08:13:27  [DEBUG   ]  trading_bot.client  REQUEST  POST https://testnet.binancefuture.com/fapi/v1/order  params={'symbol': 'BTCUSDT', 'side': 'BUY', 'type': 'MARKET', 'quantity': 0.0015, 'timestamp': 1779331407550, 'signature': '0a65aace655e65841655996cad8ba2a476fbdc50738d66c79d584176fa087df9'}
2026-05-21 08:13:27  [DEBUG   ]  trading_bot.client  RESPONSE HTTP 200  body={"orderId":13170709716,"symbol":"BTCUSDT","status":"NEW","clientOrderId":"JQ5w3CTh3GbgI7HZy3Vvja","price":"0.00","avgPrice":"0.00","origQty":"0.0015","executedQty":"0.0000","cumQty":"0.0000","cumQuote":"0.000000","timeInForce":"GTC","type":"MARKET","reduceOnly":false,"closePosition":false,"side":"BUY","positionSide":"BOTH","stopPrice":"0.00","workingType":"CONTRACT_PRICE","priceProtect":false,"origType":"MARKET","priceMatch":"NONE","selfTradePreventionMode":"EXPIRE_MAKER","goodTillDate":0,"updat
2026-05-21 08:13:27  [INFO    ]  trading_bot.orders  MARKET order accepted | orderId=13170709716 status=NEW
2026-05-21 08:13:27  [INFO    ]  trading_bot  Order completed | orderId=13170709716 status=NEW
2026-05-21 08:14:27  [DEBUG   ]  trading_bot.client  REQUEST  GET https://testnet.binancefuture.com/fapi/v2/account  params={'timestamp': 1779331467543, 'signature': 'da58d59aa6544240a7d4b01c28f5e54fe92e053d9f85db804729169bb6cf8d5e'}
2026-05-21 08:14:28  [DEBUG   ]  trading_bot.client  RESPONSE HTTP 200  body={"feeTier":0,"canTrade":true,"canDeposit":true,"canWithdraw":true,"feeBurn":true,"tradeGroupId":-1,"updateTime":0,"multiAssetsMargin":false,"totalInitialMargin":"89.10930150","totalMaintMargin":"6.82874412","totalWalletBalance":"4849.03347662","totalUnrealizedProfit":"8.54874234","totalMarginBalance":"4857.58221896","totalPositionInitialMargin":"85.35930150","totalOpenOrderInitialMargin":"3.75000000","totalCrossWalletBalance":"4849.03347662","totalCrossUnPnl":"8.54874234","availableBalance":"476
2026-05-21 08:14:28  [DEBUG   ]  trading_bot.client  REQUEST  GET https://testnet.binancefuture.com/fapi/v1/ticker/price  params={'symbol': 'BTCUSDT'}
2026-05-21 08:14:28  [DEBUG   ]  trading_bot.client  RESPONSE HTTP 200  body={"symbol":"BTCUSDT","price":"77953.80","time":1779331464200}
2026-05-21 08:14:50  [INFO    ]  trading_bot  Submitting order | symbol=BTCUSDT side=BUY type=MARKET qty=0.001
2026-05-21 08:14:50  [INFO    ]  trading_bot.orders  Placing MARKET BUY order | symbol=BTCUSDT qty=0.001
2026-05-21 08:14:50  [DEBUG   ]  trading_bot.client  REQUEST  POST https://testnet.binancefuture.com/fapi/v1/order  params={'symbol': 'BTCUSDT', 'side': 'BUY', 'type': 'MARKET', 'quantity': 0.001, 'timestamp': 1779331490586, 'signature': '516fec8aa88aa4f4e38a3598a689be6e58c6f27ecc3fa3a098d626e1367e0875'}
2026-05-21 08:14:50  [DEBUG   ]  trading_bot.client  RESPONSE HTTP 200  body={"orderId":13170712926,"symbol":"BTCUSDT","status":"NEW","clientOrderId":"tHyCCMzq3J2CEl6rVVMWuY","price":"0.00","avgPrice":"0.00","origQty":"0.0010","executedQty":"0.0000","cumQty":"0.0000","cumQuote":"0.000000","timeInForce":"GTC","type":"MARKET","reduceOnly":false,"closePosition":false,"side":"BUY","positionSide":"BOTH","stopPrice":"0.00","workingType":"CONTRACT_PRICE","priceProtect":false,"origType":"MARKET","priceMatch":"NONE","selfTradePreventionMode":"EXPIRE_MAKER","goodTillDate":0,"updat
2026-05-21 08:14:50  [INFO    ]  trading_bot.orders  MARKET order accepted | orderId=13170712926 status=NEW
2026-05-21 08:14:50  [INFO    ]  trading_bot  Order completed | orderId=13170712926 status=NEW
